{
 "schedules": 200,
 "long": 8,
 "time_s": 21.686874389648438,
 "ranges": {
  "level": [
   0.0,
   47673.77786774482
  ],
  "inflow": [
   0.0,
   683.9850980198175
  ],
  "outflow": [
   0.0,
   826.4100866990907
  ],
  "quality": [
   0.0,
   48.39107365561759
  ]
 },
 "min_seen": {
  "level": 243.7018546325045,
  "inflow": 9.027400001749573,
  "outflow": 0.0,
  "quality": 0.8009526233727887
 },
 "max_seen": {
  "level": 941.1686307067058,
  "inflow": 14.127528803302795,
  "outflow": 16.506674727164384,
  "quality": 0.9636591887894649
 },
 "worst_alternation": 0.23809523809523808,
 "failures": [],
 "n_failures": 0,
 "pass": true
}
