== NEW (R4, R5): total NR loss 1152.1 obs-ticks; by observable: level=117.1 inflow=169.3 outflow=109.5 quality=756.3
  R4 [300-449] quality  lost  143.0 (12.4%) first20  19.1 2nd-half err -20.14σ ±0.94 -> level     (rel irr dep aer = 2 0 0 1)
  R4 [100-249] quality  lost  129.0 (11.2%) first20  14.6 2nd-half err  -9.85σ ±2.56 -> level     (rel irr dep aer = 9 5.6 0.7 0.3)
  R5 [  0-149] quality  lost  110.7 ( 9.6%) first20   4.6 2nd-half err  -5.60σ ±0.89 -> level     (rel irr dep aer = 10.5 0 0 1)
  R4 [  0- 99] quality  lost   75.9 ( 6.6%) first20  12.0 2nd-half err  -3.55σ ±0.69 -> level     (rel irr dep aer = 9 5.6 0.7 0.3)
  R5 [310-389] quality  lost   72.1 ( 6.3%) first20  17.8 2nd-half err  -9.43σ ±0.61 -> level     (rel irr dep aer = 2 0 0.5 0)
  R5 [230-309] quality  lost   70.6 ( 6.1%) first20  17.7 2nd-half err  -7.51σ ±1.86 -> level     (rel irr dep aer = 2 0 0.5 0.15)
  R5 [150-229] quality  lost   70.3 ( 6.1%) first20  16.6 2nd-half err  -8.46σ ±0.47 -> level     (rel irr dep aer = 2 0 0 0.3)
  R4 [100-249] inflow   lost   52.7 ( 4.6%) first20   9.7 2nd-half err  -0.50σ ±0.52 -> dynamics  (rel irr dep aer = 9 5.6 0.7 0.3)
  R4 [250-299] quality  lost   47.6 ( 4.1%) first20  19.0 2nd-half err -20.81σ ±1.04 -> level     (rel irr dep aer = 2 0 0 1)
  R5 [390-449] quality  lost   37.1 ( 3.2%) first20  17.9 2nd-half err  -0.27σ ±1.21 -> dynamics  (rel irr dep aer = 2 0 0 1)
  R5 [  0-149] inflow   lost   33.4 ( 2.9%) first20   7.7 2nd-half err  -0.26σ ±0.40 -> dynamics  (rel irr dep aer = 10.5 0 0 1)
  R5 [  0-149] level    lost   29.5 ( 2.6%) first20   3.3 2nd-half err  -0.39σ ±0.18 -> level     (rel irr dep aer = 10.5 0 0 1)
  R5 [150-229] level    lost   28.2 ( 2.4%) first20   7.1 2nd-half err  -0.57σ ±0.41 -> dynamics  (rel irr dep aer = 2 0 0 0.3)
  R4 [  0- 99] inflow   lost   27.9 ( 2.4%) first20   8.9 2nd-half err  -0.25σ ±0.18 -> dynamics  (rel irr dep aer = 9 5.6 0.7 0.3)
  R4 [300-449] outflow  lost   25.7 ( 2.2%) first20   0.2 2nd-half err  -0.02σ ±0.25 -> dynamics  (rel irr dep aer = 2 0 0 1)
== OLD (R1-R3): total NR loss 893.7 obs-ticks; by observable: level=74.7 inflow=143.3 outflow=103.8 quality=571.9
  R2 [280-339] quality  lost   48.4 ( 5.4%) first20  14.8 2nd-half err  -5.26σ ±0.38 -> level     (rel irr dep aer = 2 0 0 1)
  R1 [300-359] quality  lost   35.9 ( 4.0%) first20  13.5 2nd-half err  -1.55σ ±0.71 -> level     (rel irr dep aer = 2 0 0 0)
  R1 [360-409] quality  lost   34.4 ( 3.9%) first20  10.2 2nd-half err  +4.89σ ±1.27 -> level     (rel irr dep aer = 2 0 1 0)
  R1 [470-529] quality  lost   32.9 ( 3.7%) first20  15.1 2nd-half err  +0.68σ ±0.52 -> dynamics  (rel irr dep aer = 12 8 0 1)
  R2 [190-239] quality  lost   30.3 ( 3.4%) first20  11.7 2nd-half err  -2.38σ ±0.95 -> level     (rel irr dep aer = 12 8 1 0)
  R1 [140-199] quality  lost   28.6 ( 3.2%) first20   7.6 2nd-half err  +1.82σ ±1.23 -> dynamics  (rel irr dep aer = 2 8 0 1)
  R2 [ 90-139] quality  lost   28.3 ( 3.2%) first20   7.9 2nd-half err  +3.17σ ±1.11 -> level     (rel irr dep aer = 12 8 1 0)
  R2 [  0- 39] quality  lost   26.6 ( 3.0%) first20  11.9 2nd-half err  +2.76σ ±0.21 -> level     (rel irr dep aer = 2 0 0 1)
  R1 [250-299] quality  lost   26.5 ( 3.0%) first20   8.8 2nd-half err  +1.59σ ±0.64 -> level     (rel irr dep aer = 2 0 1 1)
  R2 [240-279] quality  lost   26.3 ( 2.9%) first20  14.9 2nd-half err  +1.82σ ±1.70 -> dynamics  (rel irr dep aer = 12 0 0 1)
  R1 [  0- 39] quality  lost   23.0 ( 2.6%) first20  11.4 2nd-half err  +1.56σ ±0.72 -> level     (rel irr dep aer = 2 0 0 1)
  R2 [370-399] quality  lost   22.3 ( 2.5%) first20  14.7 2nd-half err  -3.15σ ±0.66 -> transient (rel irr dep aer = 2 0 0 1)
  R1 [410-449] quality  lost   21.9 ( 2.4%) first20  10.1 2nd-half err  -1.47σ ±0.32 -> level     (rel irr dep aer = 2 0 1 1)
  R2 [340-369] quality  lost   21.6 ( 2.4%) first20  13.5 2nd-half err  +4.42σ ±0.38 -> transient (rel irr dep aer = 12 8 1 0)
  R1 [110-139] quality  lost   21.4 ( 2.4%) first20  14.0 2nd-half err  -2.74σ ±0.39 -> transient (rel irr dep aer = 2 0 0 1)
