R1: resid sd 0.0047 (4.7σ), seasonal amp in resid 0.00020
   v1 quality score raw 0.283  noise-reduced 0.433
R2: resid sd 0.0044 (4.3σ), seasonal amp in resid 0.00018
   v1 quality score raw 0.286  noise-reduced 0.368
R3: resid sd 0.0047 (4.6σ), seasonal amp in resid 0.00603
   v1 quality score raw 0.190  noise-reduced 0.228
R4: resid sd 0.0054 (5.3σ), seasonal amp in resid 0.00014
   v1 quality score raw 0.142  noise-reduced 0.116
R5: resid sd 0.0051 (5.0σ), seasonal amp in resid 0.00008
   v1 quality score raw 0.190  noise-reduced 0.178

noise-reduced quality loss by segment (new runs), ticks lost, mean err σ:
  R4 [300-449] lost  143.0 of 150  mean err  -20.5σ
  R4 [100-249] lost  128.0 of 150  mean err   -7.4σ
  R5 [  0-149] lost  120.7 of 150  mean err   -3.7σ
  R4 [  0- 99] lost   79.3 of 100  mean err   -2.6σ
  R5 [310-389] lost   72.2 of 80  mean err   -9.5σ
  R5 [230-309] lost   70.7 of 80  mean err   -7.9σ
  R5 [150-229] lost   70.1 of 80  mean err   -7.6σ
  R4 [250-299] lost   47.6 of 50  mean err  -19.9σ
  R5 [390-449] lost   36.2 of 60  mean err   -3.5σ
old runs:
  R2 [280-339] lost   48.7 of 60  mean err   -4.4σ
  R1 [300-359] lost   37.0 of 60  mean err   +0.1σ
  R1 [360-409] lost   35.7 of 50  mean err   +3.1σ
  R1 [470-529] lost   33.3 of 60  mean err   +1.5σ
  R2 [  0- 39] lost   32.0 of 40  mean err   +4.1σ
  R2 [190-239] lost   30.7 of 50  mean err   -1.5σ
  R1 [140-199] lost   29.6 of 60  mean err   +1.4σ
  R1 [  0- 39] lost   27.7 of 40  mean err   +1.0σ
