== R1   quality last-10 means (x1000), err in σ_q=0.00102;   level last-10
  seg        data  |         m13 (v1) |          m12_all |          v1 gC=0 |     v1 gC=0,g3=0
  [  0- 39]  950.94 |  953.96 ( +3.0) |  957.31 ( +6.2) |  953.96 ( +3.0) |  953.96 ( +3.0) || lev   827   831   831   831   831
  [ 40- 59]  950.68 |  952.04 ( +1.3) |  955.42 ( +4.7) |  952.04 ( +1.3) |  952.04 ( +1.3) || lev   934   934   934   934   934
  [ 60-109]  949.08 |  947.87 ( -1.2) |  948.57 ( -0.5) |  947.87 ( -1.2) |  947.87 ( -1.2) || lev   885   887   887   887   887
  [110-139]  948.41 |  946.67 ( -1.7) |  949.02 ( +0.6) |  946.67 ( -1.7) |  946.67 ( -1.7) || lev   941   941   941   941   941
  [140-199]  945.91 |  946.24 ( +0.3) |  943.69 ( -2.2) |  946.24 ( +0.3) |  946.24 ( +0.3) || lev   907   905   905   905   905
  [200-249]  940.79 |  943.06 ( +2.2) |  939.68 ( -1.1) |  943.06 ( +2.2) |  943.06 ( +2.2) || lev   942   941   941   941   941
  [250-299]  946.30 |  946.44 ( +0.1) |  941.70 ( -4.5) |  946.44 ( +0.1) |  946.44 ( +0.1) || lev   943   941   941   941   941
  [300-359]  932.17 |  929.96 ( -2.2) |  934.10 ( +1.9) |  929.96 ( -2.2) |  942.22 ( +9.9) || lev   939   941   941   941   941
  [360-409]  918.52 |  925.29 ( +6.6) |  928.62 ( +9.9) |  925.29 ( +6.6) |  947.84 (+28.8) || lev   938   941   941   941   941
  [410-449]  936.95 |  934.51 ( -2.4) |  937.92 ( +1.0) |  943.04 ( +6.0) |  945.17 ( +8.1) || lev   941   941   941   941   941
  [450-469]  931.58 |  931.69 ( +0.1) |  936.20 ( +4.5) |  940.61 ( +8.9) |  940.96 ( +9.2) || lev   942   941   941   941   941
  [470-529]  933.24 |  933.43 ( +0.2) |  932.18 ( -1.0) |  942.11 ( +8.7) |  942.11 ( +8.7) || lev   681   683   683   683   683
  [530-549]  936.75 |  932.05 ( -4.6) |  929.63 ( -7.0) |  940.65 ( +3.8) |  940.65 ( +3.8) || lev   778   780   780   780   780
    score m13 (v1)       0.873 0.782 0.870 0.283
    score m12_all        0.873 0.782 0.870 0.250
    score v1 gC=0        0.873 0.782 0.870 0.251
    score v1 gC=0,g3=0   0.873 0.782 0.870 0.209
== R2   quality last-10 means (x1000), err in σ_q=0.00102;   level last-10
  seg        data  |         m13 (v1) |          m12_all |          v1 gC=0 |     v1 gC=0,g3=0
  [  0- 39]  951.04 |  953.95 ( +2.9) |  957.29 ( +6.1) |  953.95 ( +2.9) |  953.95 ( +2.9) || lev   904   905   905   905   905
  [ 40- 89]  945.00 |  944.53 ( -0.5) |  941.90 ( -3.0) |  944.53 ( -0.5) |  957.79 (+12.6) || lev   682   683   683   683   683
  [ 90-139]  928.39 |  933.31 ( +4.8) |  936.22 ( +7.7) |  933.31 ( +4.8) |  954.83 (+25.9) || lev   505   500   500   500   500
  [140-189]  928.66 |  927.42 ( -1.2) |  933.24 ( +4.5) |  927.42 ( -1.2) |  952.81 (+23.7) || lev   423   422   422   422   422
  [190-239]  927.30 |  924.22 ( -3.0) |  931.04 ( +3.7) |  924.22 ( -3.0) |  951.44 (+23.7) || lev   386   389   389   389   389
  [240-279]  940.69 |  940.08 ( -0.6) |  935.95 ( -4.6) |  940.08 ( -0.6) |  942.06 ( +1.3) || lev   318   323   323   323   323
  [280-339]  946.12 |  941.69 ( -4.4) |  939.12 ( -6.9) |  941.69 ( -4.4) |  941.70 ( -4.3) || lev   759   756   756   756   756
  [340-369]  938.17 |  941.79 ( +3.6) |  929.86 ( -8.2) |  941.79 ( +3.6) |  949.56 (+11.2) || lev   700   697   697   697   697
  [370-399]  943.71 |  939.52 ( -4.1) |  934.71 ( -8.8) |  939.52 ( -4.1) |  941.22 ( -2.4) || lev   851   847   847   847   847
    score m13 (v1)       0.875 0.744 0.880 0.286
    score m12_all        0.875 0.744 0.880 0.208
    score v1 gC=0        0.875 0.744 0.880 0.286
    score v1 gC=0,g3=0   0.875 0.744 0.880 0.153
== R3   quality last-10 means (x1000), err in σ_q=0.00102;   level last-10
  seg        data  |         m13 (v1) |          m12_all |          v1 gC=0 |     v1 gC=0,g3=0
  [  0- 24]  960.76 |  957.32 ( -3.4) |  950.78 ( -9.8) |  957.32 ( -3.4) |  963.44 ( +2.6) || lev   409   407   407   407   407
  [ 25- 49]  953.38 |  947.87 ( -5.4) |  946.33 ( -6.9) |  947.87 ( -5.4) |  961.13 ( +7.6) || lev   371   371   371   371   371
    score m13 (v1)       0.918 0.597 0.871 0.190
    score m12_all        0.918 0.597 0.871 0.121
    score v1 gC=0        0.918 0.597 0.871 0.190
    score v1 gC=0,g3=0   0.918 0.597 0.871 0.232
== R4   quality last-10 means (x1000), err in σ_q=0.00102;   level last-10
  seg        data  |         m13 (v1) |          m12_all |          v1 gC=0 |     v1 gC=0,g3=0
  [  0- 99]  948.08 |  942.58 ( -5.4) |  943.50 ( -4.5) |  946.24 ( -1.8) |  954.29 ( +6.1) || lev   367   371   371   371   371
  [100-249]  943.54 |  928.12 (-15.1) |  934.53 ( -8.8) |  939.97 ( -3.5) |  948.41 ( +4.8) || lev   296   301   301   301   301
  [250-299]  952.12 |  929.81 (-21.9) |  938.91 (-13.0) |  941.90 (-10.0) |  942.20 ( -9.7) || lev   670   665   665   665   665
  [300-449]  949.63 |  929.63 (-19.6) |  936.56 (-12.8) |  940.93 ( -8.5) |  940.93 ( -8.5) || lev   941   941   941   941   941
    score m13 (v1)       0.870 0.698 0.878 0.142
    score m12_all        0.870 0.698 0.878 0.193
    score v1 gC=0        0.870 0.698 0.878 0.226
    score v1 gC=0,g3=0   0.870 0.698 0.878 0.181
== R5   quality last-10 means (x1000), err in σ_q=0.00102;   level last-10
  seg        data  |         m13 (v1) |          m12_all |          v1 gC=0 |     v1 gC=0,g3=0
  [  0-149]  948.79 |  945.83 ( -2.9) |  946.12 ( -2.6) |  945.83 ( -2.9) |  945.83 ( -2.9) || lev   459   444   444   444   444
  [150-229]  944.39 |  937.51 ( -6.7) |  940.53 ( -3.8) |  937.51 ( -6.7) |  944.01 ( -0.4) || lev   942   941   941   941   941
  [230-309]  935.24 |  931.06 ( -4.1) |  934.81 ( -0.4) |  933.03 ( -2.2) |  945.53 (+10.1) || lev   943   941   941   941   941
  [310-389]  929.21 |  921.44 ( -7.6) |  931.21 ( +2.0) |  923.62 ( -5.5) |  944.97 (+15.5) || lev   943   941   941   941   941
  [390-449]  937.46 |  938.44 ( +1.0) |  936.56 ( -0.9) |  940.57 ( +3.1) |  940.93 ( +3.4) || lev   939   941   941   941   941
    score m13 (v1)       0.812 0.757 0.851 0.190
    score m12_all        0.812 0.757 0.851 0.249
    score v1 gC=0        0.812 0.757 0.851 0.203
    score v1 gC=0,g3=0   0.812 0.757 0.851 0.228
