== R4 initial level 475.9; first 8 excess data [1.31 0.73 0.58 0.43 0.37 0.43 0.13 0.09]  v1 [0.06 0.07 0.07 0.07 0.07 0.07 0.08 0.08]
 blk    level   v1lev | excess  v1exc | exch E   v1 E | outflow v1out  req
   0    463.9   463.4 | +0.164 +0.077 |  -0.79  -0.66 |  13.07  13.04  14.6
  25    430.2   432.3 | +0.113 +0.129 |  -0.52  -0.55 |  12.72  12.76  14.6
  50    362.7   364.0 | +0.372 +0.347 |  -0.62  -0.46 |  12.05  12.04  14.6
  75    361.9   365.5 | +0.242 +0.191 |  -0.60  -0.54 |  12.05  12.04  14.6
 100    336.9   341.1 | +0.402 +0.236 |  -0.59  -0.49 |  11.80  11.79  14.6
 125    302.4   304.8 | +0.409 +0.308 |  -0.48  -0.46 |  11.39  11.34  14.6
 150    321.9   327.4 | +0.242 +0.216 |  -0.74  -0.62 |  11.61  11.61  14.6
 175    292.3   294.1 | +0.434 +0.278 |  -0.45  -0.47 |  11.28  11.23  14.6
 200    283.9   287.8 | +0.308 +0.266 |  -0.57  -0.52 |  11.20  11.10  14.6
 225    303.0   307.9 | +0.265 +0.228 |  -0.70  -0.64 |  11.42  11.38  14.6
 250    378.3   380.8 | +0.057 +0.155 |  -0.76  -0.99 |   2.00   2.00   2.0
 275    596.6   594.1 | -0.002 +0.006 |  -1.63  -1.82 |   2.00   2.00   2.0
 300    795.2   787.4 | -0.020 +0.000 |  -1.59  -2.13 |   2.00   2.00   2.0
 325    922.1   915.0 | +0.015 +0.000 |  -2.06  -2.03 |   6.21   5.55   2.0
 350    941.2   941.1 | -0.019 +0.000 |  -1.54  -1.55 |  11.16  11.12   2.0
 375    940.0   941.1 | -0.014 +0.000 |  -1.26  -1.28 |   8.37   8.24   2.0
 400    942.7   941.1 | -0.016 +0.000 |  -1.03  -1.18 |  11.04  11.11   2.0
 425    940.9   941.1 | -0.025 -0.000 |  -0.79  -1.14 |  10.51  10.54   2.0
== R5 initial level 410.7; first 8 excess data [2.22 1.51 1.   0.88 0.65 0.45 0.49 0.16]  v1 [0.29 0.27 0.25 0.22 0.2  0.17 0.15 0.12]
 blk    level   v1lev | excess  v1exc | exch E   v1 E | outflow v1out  req
   0    438.6   434.2 | +0.312 +0.091 |  -0.71  -0.57 |  10.49  10.50  10.5
  25    462.1   460.3 | -0.009 +0.011 |  -0.53  -0.74 |  10.52  10.50  10.5
  50    434.4   429.4 | +0.099 +0.045 |  -0.70  -0.57 |  10.49  10.50  10.5
  75    462.1   457.7 | +0.012 +0.017 |  -0.64  -0.79 |  10.48  10.50  10.5
 100    468.9   459.3 | +0.076 +0.013 |  -0.62  -0.73 |  10.48  10.50  10.5
 125    451.2   436.8 | +0.100 +0.040 |  -0.56  -0.61 |  10.50  10.50  10.5
 150    592.2   578.5 | -0.008 +0.001 |  -1.42  -1.39 |   2.00   2.00   2.0
 175    768.8   747.6 | +0.008 +0.000 |  -1.52  -1.85 |   2.00   2.00   2.0
 200    916.7   903.7 | +0.002 +0.000 |  -1.76  -2.06 |   6.76   5.65   2.0
 225    942.1   941.1 | -0.018 -0.000 |  -1.38  -1.61 |   9.71   9.53   2.0
 250    939.9   941.1 | +0.014 -0.000 |  -1.75  -1.30 |   8.89   8.77   2.0
 275    941.9   941.1 | -0.021 +0.000 |  -0.72  -1.19 |  11.75  11.87   2.0
 300    942.8   941.1 | -0.006 +0.000 |  -1.30  -1.15 |   8.99   8.92   2.0
 325    940.1   941.1 | -0.008 +0.000 |  -1.12  -1.13 |  10.05  10.02   2.0
 350    941.5   941.1 | -0.018 +0.000 |  -1.03  -1.12 |  11.48  11.55   2.0
 375    941.9   941.1 | +0.003 +0.000 |  -1.10  -1.12 |   8.50   8.40   2.0
 400    939.9   941.1 | -0.008 +0.000 |  -1.27  -1.12 |  11.11  11.17   2.0
 425    938.2   941.1 | -0.014 -0.000 |  -1.03  -1.12 |  10.54  10.56   2.0
