== v3 C
  R6 [0.394, 0.666, 0.423] mean 0.494  (train)
v3_s2 C cost 17605.6 restarts [17605.6] 14s
  R1 [0.394, 0.714, 0.397] mean 0.502  (train)
  R2 [0.312, 0.561, 0.623] mean 0.499  (train)
  R3 [0.845, 0.503, 0.995] mean 0.781  (train)
  R4 [0.423, 0.667, 0.482] mean 0.524  (train)
  R5 [0.629, 0.786, 0.533] mean 0.649  (train)
  R6 [0.394, 0.666, 0.451] mean 0.504  (train)
== v3 B4
  R6 [0.345, 0.727, 0.459] mean 0.510  (train)
v3_s2 B4 cost 13845.9 restarts [13845.9] 11s
  R1 [0.39, 0.705, 0.38] mean 0.492  (train)
  R2 [0.413, 0.555, 0.532] mean 0.500  (train)
  R3 [0.803, 0.402, 0.971] mean 0.725  (train)
  R4 [0.243, 0.624, 0.141] mean 0.336  (HELD-OUT)
  R5 [0.656, 0.79, 0.506] mean 0.651  (train)
  R6 [0.345, 0.727, 0.435] mean 0.502  (train)
== v2r B4
  R6 [0.346, 0.72, 0.466] mean 0.511  (train)
v2r_s2 B4 cost 13730.3 restarts [13730.3] 11s
  R1 [0.394, 0.708, 0.38] mean 0.494  (train)
  R2 [0.372, 0.554, 0.554] mean 0.493  (train)
  R3 [0.862, 0.428, 0.982] mean 0.757  (train)
  R4 [0.26, 0.626, 0.158] mean 0.348  (HELD-OUT)
  R5 [0.705, 0.788, 0.514] mean 0.669  (train)
  R6 [0.346, 0.72, 0.448] mean 0.505  (train)
== v3 H
  R6 [0.339, 0.563, 0.39] mean 0.431  (HELD-OUT)
v3_s2 H cost 16147.0 restarts [16147.0] 6s
  R1 [0.41, 0.714, 0.407] mean 0.510  (train)
  R2 [0.306, 0.566, 0.622] mean 0.498  (train)
  R3 [0.815, 0.514, 0.942] mean 0.757  (train)
  R4 [0.458, 0.67, 0.494] mean 0.541  (train)
  R5 [0.622, 0.785, 0.464] mean 0.624  (train)
  R6 [0.339, 0.563, 0.379] mean 0.427  (HELD-OUT)
== v2r B5
  R6 [0.443, 0.625, 0.401] mean 0.490  (train)
v2r_s2 B5 cost 17528.5 restarts [17528.5] 6s
  R1 [0.391, 0.656, 0.391] mean 0.479  (train)
  R2 [0.336, 0.517, 0.586] mean 0.480  (train)
  R3 [0.819, 0.487, 0.846] mean 0.717  (train)
  R4 [0.495, 0.584, 0.476] mean 0.518  (train)
  R5 [0.569, 0.581, 0.422] mean 0.524  (HELD-OUT)
  R6 [0.443, 0.625, 0.394] mean 0.487  (train)
== v3 B5
  R6 [0.429, 0.654, 0.428] mean 0.504  (train)
v3_s2 B5 cost 16826.4 restarts [16826.4] 8s
  R1 [0.407, 0.715, 0.4] mean 0.507  (train)
  R2 [0.304, 0.574, 0.63] mean 0.503  (train)
  R3 [0.803, 0.509, 0.996] mean 0.769  (train)
  R4 [0.46, 0.663, 0.485] mean 0.536  (train)
  R5 [0.587, 0.783, 0.488] mean 0.619  (HELD-OUT)
  R6 [0.429, 0.654, 0.429] mean 0.504  (train)
DONE
