total lost (tick-units) per run: {'R1': np.float64(374.1), 'R2': np.float64(243.9), 'R3': np.float64(20.1), 'R4': np.float64(715.7), 'R5': np.float64(509.9)}
rank | run | ticks | obs | action s/i/b | lost | mean err σ | last10 err σ | |mean|/mae | head share | class
 1 | R4 | 250-399 | A | 0.00/0.0/0.00 | 98.3 | -2.03 | -1.06 | 1.00 | 0.15 | level
 2 | R4 | 150-249 | B | 0.00/0.0/0.00 | 84.2 | -5.44 | -3.86 | 1.00 | 0.20 | level
 3 | R4 | 250-399 | B | 0.00/0.0/0.00 | 79.7 | -0.13 | +2.03 | 0.09 | 0.19 | dynamics
 4 | R4 | 150-249 | A | 0.00/0.0/0.00 | 73.9 | -2.86 | -3.05 | 1.00 | 0.19 | level
 5 | R5 | 240-319 | B | 0.00/0.0/0.00 | 68.8 | -6.16 | -5.38 | 1.00 | 0.25 | level
 6 | R4 | 0-99 | A | 6.30/1.4/0.42 | 67.9 | +0.30 | +4.90 | 0.09 | 0.14 | dynamics
 7 | R5 | 240-319 | A | 0.00/0.0/0.00 | 66.2 | -5.00 | -3.51 | 1.00 | 0.26 | level
 8 | R4 | 0-99 | B | 6.30/1.4/0.42 | 66.0 | +1.54 | +7.11 | 0.44 | 0.09 | dynamics
 9 | R5 | 0-79 | A | 4.50/0.0/0.00 | 52.9 | -2.53 | -1.97 | 0.95 | 0.15 | level
10 | R5 | 80-139 | A | 4.50/2.0/0.00 | 52.0 | -8.28 | -11.36 | 1.00 | 0.30 | level
11 | R5 | 80-139 | B | 4.50/2.0/0.00 | 50.9 | -7.87 | -12.13 | 1.00 | 0.29 | level
12 | R5 | 0-79 | B | 4.50/0.0/0.00 | 50.5 | -2.12 | -1.57 | 1.00 | 0.16 | level
13 | R5 | 140-189 | A | 4.50/1.0/0.00 | 43.5 | -6.85 | -6.13 | 1.00 | 0.33 | level
14 | R4 | 480-539 | B | 7.65/1.7/0.51 | 43.2 | -2.91 | +2.39 | 0.77 | 0.36 | dynamics
15 | R5 | 190-239 | A | 4.50/0.0/0.00 | 42.6 | -5.80 | -6.44 | 1.00 | 0.32 | level
16 | R5 | 140-189 | B | 4.50/1.0/0.00 | 42.5 | -6.04 | -5.24 | 1.00 | 0.33 | level
17 | R5 | 190-239 | B | 4.50/0.0/0.00 | 40.1 | -4.16 | -5.14 | 1.00 | 0.32 | level
18 | R4 | 480-539 | A | 7.65/1.7/0.51 | 38.8 | -1.46 | +2.17 | 0.62 | 0.36 | dynamics
19 | R2 | 105-154 | B | 9.00/2.0/0.60 | 38.7 | +3.50 | +2.77 | 1.00 | 0.32 | level
20 | R4 | 400-459 | A | 7.65/1.7/0.51 | 35.1 | -1.96 | +0.13 | 0.96 | 0.34 | dynamics
21 | R4 | 400-459 | B | 7.65/1.7/0.51 | 34.3 | -0.76 | -0.90 | 0.49 | 0.29 | dynamics
22 | R4 | 100-149 | B | 0.00/0.0/0.00 | 31.6 | -0.80 | -4.42 | 0.33 | 0.34 | dynamics
23 | R1 | 280-329 | B | 0.00/2.0/0.00 | 28.7 | -1.87 | -3.41 | 0.97 | 0.16 | level
24 | R1 | 190-229 | A | 0.00/0.0/0.00 | 27.5 | -2.78 | -0.93 | 1.00 | 0.38 | level
25 | R2 | 55-104 | A | 9.00/2.0/0.60 | 27.4 | -0.97 | -0.97 | 0.69 | 0.24 | dynamics
26 | R4 | 100-149 | A | 0.00/0.0/0.00 | 25.7 | -0.77 | -1.95 | 0.61 | 0.25 | dynamics
27 | R2 | 155-204 | B | 9.00/2.0/0.60 | 24.9 | +1.14 | +0.49 | 1.00 | 0.42 | dynamics
28 | R1 | 475-519 | B | 0.00/0.0/0.00 | 23.9 | -1.35 | -2.56 | 1.00 | 0.25 | level
29 | R1 | 520-549 | B | 0.00/0.0/0.00 | 23.0 | -3.31 | -3.37 | 1.00 | 0.33 | level
30 | R1 | 100-139 | B | 9.00/0.0/0.00 | 20.7 | +1.11 | +0.87 | 1.00 | 0.36 | level
31 | R1 | 330-354 | B | 0.00/2.0/0.00 | 20.2 | -4.24 | -4.56 | 1.00 | 1.00 | level
32 | R1 | 190-229 | B | 0.00/0.0/0.00 | 19.9 | -1.09 | -0.49 | 1.00 | 0.38 | dynamics
33 | R1 | 165-189 | A | 9.00/0.0/0.00 | 19.7 | -3.75 | -3.98 | 1.00 | 1.00 | level
34 | R2 | 55-104 | B | 9.00/2.0/0.60 | 19.2 | +0.43 | +1.74 | 0.56 | 0.32 | dynamics
35 | R2 | 255-304 | B | 0.00/0.0/0.00 | 19.2 | +0.47 | -0.10 | 0.60 | 0.35 | dynamics
36 | R1 | 475-519 | A | 0.00/0.0/0.00 | 17.7 | +0.66 | +0.48 | 1.00 | 0.38 | dynamics
37 | R2 | 255-304 | A | 0.00/0.0/0.00 | 17.6 | -0.27 | +0.49 | 0.40 | 0.51 | transient
38 | R1 | 140-164 | A | 9.00/0.0/0.00 | 16.0 | -1.97 | -2.74 | 1.00 | 1.00 | level
39 | R1 | 355-404 | B | 0.00/0.0/0.00 | 15.2 | -0.68 | +0.14 | 0.76 | 0.67 | transient
40 | R2 | 345-399 | B | 0.00/0.0/0.00 | 14.0 | +0.36 | +0.30 | 1.00 | 0.34 | dynamics
