=== epidemic  controls=['mask_mandate', 'school_closure', 'vaccination_rate']  (u: 0=recovery, 1=pulse; raw value in brackets when u not in [0,1] or mixed)
  R1   t   0 len 120  u=[0.00 0.00 0.00]
  R1   t 120 len  65  u=[1.00 0.00 0.00]
  R1   t 185 len  40  u=[0.00 0.00 0.00]
  R1   t 225 len  45  u=[0.00 1.00 0.00]
  R1   t 270 len  45  u=[0.00 0.00 0.00]
  R1   t 315 len  60  u=[0.00 0.00 1.00]
  R1   t 375 len  60  u=[0.00 0.00 0.00]
  R1   t 435 len  35  u=[0.50 0.00 0.00]
  R1   t 470 len  25  u=[0.00 0.00 0.00]
  R1   t 495 len  25  u=[1.00 1.00 0.00]
  R1   t 520 len  25  u=[0.00 0.00 1.00]
  R2   t   0 len  10  u=[0.00 0.00 0.00]
  R2   t  10 len  30  u=[0.00 0.00 1.00]
  R2   t  40 len 200  u=[1.00 1.00 0.00]
  R2   t 240 len  60  u=[0.00 0.00 0.00]
  R2   t 300 len  30  u=[0.00 1.00 0.00]
  R2   t 330 len  20  u=[0.00 0.00 0.00]
  R2   t 350 len  30  u=[1.00 0.00 0.00]
  R2   t 380 len  20  u=[0.00 0.00 0.00]
=== wildlife  controls=['corridor_access', 'habitat_protection', 'hunting_quota']  (u: 0=recovery, 1=pulse; raw value in brackets when u not in [0,1] or mixed)
  R1   t   0 len 120  u=[0.00 -0.00 0.00]
  R1   t 120 len  65  u=[0.00 -0.00 1.00]
  R1   t 185 len  65  u=[0.00 -0.00 0.00]
  R1   t 250 len  40  u=[0.00 1.00 0.00]
  R1   t 290 len  40  u=[0.00 -0.00 0.00]
  R1   t 330 len  40  u=[1.00 -0.00 0.00]
  R1   t 370 len  70  u=[0.00 -0.00 0.00]
  R1   t 440 len  50  u=[0.00 -0.00 0.50]
  R1   t 490 len  50  u=[0.00 -0.00 0.00]
  R2c  t   0 len  30  u=[0.00 -0.00 0.00]
  R2c  t  30 len  25  u=[0.00 1.00 0.00]
  R2c  t  55 len  25  u=[0.00 -0.00 1.00]
  R2c  t  80 len  25  u=[0.00 -0.00 0.00]
  R2c  t 105 len  25  u=[0.00 -0.00 1.00]
  R2c  t 130 len  25  u=[0.00 1.00 0.00]
  R2c  t 155 len  25  u=[1.00 -0.00 0.00]
  R2c  t 180 len  20  u=[0.00 1.00 1.00]
  R2c  t 200 len 200  u=[0.00 -0.00 1.00]
  R2c  t 400 len  35  u=[0.90 0.83 0.86]
  R2c  t 435 len  25  u=[0.00 -0.00 0.00]
=== ad_auction  controls=['bid', 'budget_cap', 'targeting_breadth']  (u: 0=recovery, 1=pulse; raw value in brackets when u not in [0,1] or mixed)
  R1   t   0 len  80  u=[0.00 0.00 0.00]
  R1   t  80 len  65  u=[1.00 0.00 0.00]
  R1   t 145 len  65  u=[0.00 0.00 0.00]
  R1   t 210 len  40  u=[0.00 1.00 0.00]
  R1   t 250 len  30  u=[0.00 0.00 0.00]
  R1   t 280 len  75  u=[0.00 0.00 1.00]
  R1   t 355 len  50  u=[0.00 0.00 0.00]
  R1   t 405 len  30  u=[-0.43 0.00 0.00]
  R1   t 435 len  45  u=[0.00 0.00 0.00]
  R1   t 480 len  30  u=[0.00 0.00 -2.00]
  R1   t 510 len  35  u=[0.00 0.00 0.00]
  R2c  t   0 len  25  u=[0.00 0.00 0.00]
  R2c  t  25 len  40  u=[1.00 1.00 0.00]
  R2c  t  65 len  15  u=[0.00 0.00 0.00]
  R2c  t  80 len  20  u=[1.00 1.00 0.00]
  R2c  t 100 len  25  u=[0.00 0.00 0.00]
  R2c  t 125 len  15  u=[0.00 0.00 2.00]
  R2c  t 140 len  20  u=[0.00 0.00 -2.00]
  R2c  t 160 len 200  u=[1.00 1.00 1.00]
  R2c  t 360 len  40  u=[0.00 0.00 0.00]
  R2c  t 400 len  25  u=[1.00 1.00 2.00]
  R2c  t 425 len  20  u=[0.00 0.00 -2.00]
  R2c  t 445 len  10  u=[0.00 0.00 0.00]
=== social_contagion  controls=['bridge_outreach', 'incentive', 'seeding']  (u: 0=recovery, 1=pulse; raw value in brackets when u not in [0,1] or mixed)
  R1   t   0 len 100  u=[0.00 0.00 0.00]
  R1   t 100 len  90  u=[0.00 0.00 1.00]
  R1   t 190 len  90  u=[0.00 0.00 0.00]
  R1   t 280 len  75  u=[0.00 1.00 0.00]
  R1   t 355 len  50  u=[0.00 0.00 0.00]
  R1   t 405 len  30  u=[1.00 0.00 0.00]
  R1   t 435 len  40  u=[1.00 0.00 1.00]
  R1   t 475 len  75  u=[0.00 0.00 0.00]
  R2   t   0 len  25  u=[0.00 0.00 0.00]
  R2   t  25 len  30  u=[0.00 1.00 0.00]
  R2   t  55 len 200  u=[1.00 1.00 1.00]
  R2   t 255 len  50  u=[0.00 0.00 0.00]
  R2   t 305 len  40  u=[1.67 0.00 1.00]
  R2   t 345 len  55  u=[0.00 0.00 0.00]
  R3   t   0 len  15  u=[0.00 0.00 0.00]
  R3   t  15 len  35  u=[1.00 0.00 1.00]
=== power_grid  controls=['charging_allowance', 'interconnector', 'price_signal', 'reserve_dispatch']  (u: 0=recovery, 1=pulse; raw value in brackets when u not in [0,1] or mixed)
  R1   t   0 len 120  u=[-0.00 -0.00 -0.00 0.00]
  R1   t 120 len  90  u=[-0.00 -0.00 1.00 0.00]
  R1   t 210 len  70  u=[-0.00 -0.00 -0.00 0.00]
  R1   t 280 len  70  u=[-0.00 -0.00 -0.00 1.00]
  R1   t 350 len  40  u=[-0.00 -0.00 -0.00 0.00]
  R1   t 390 len  40  u=[-0.00 1.00 -0.00 0.00]
  R1   t 430 len  70  u=[-0.00 -0.00 -0.00 0.00]
  R1   t 500 len  25  u=[1.00 -0.00 -0.00 0.00]
  R1   t 525 len  25  u=[-0.00 -0.00 -0.00 0.00]
  R2c  t   0 len  40  u=[-0.00 -0.00 -0.00 0.00]
  R2c  t  40 len  50  u=[-0.00 1.25 -0.00 0.00]
  R2c  t  90 len  40  u=[-0.00 -0.00 -0.00 0.00]
  R2c  t 130 len  40  u=[-0.00 -0.00 0.50 0.00]
  R2c  t 170 len 150  u=[1.00 1.00 1.00 1.00]
  R2c  t 320 len  50  u=[-0.00 -0.00 -0.00 0.00]
  R2c  t 370 len  30  u=[-0.00 -0.00 -0.00 1.00]
  R2c  t 400 len  50  u=[1.00 -0.00 -0.00 1.00]
=== reservoir  controls=['aeration', 'irrigation_allocation', 'release_rate', 'withdrawal_depth']  (u: 0=recovery, 1=pulse; raw value in brackets when u not in [0,1] or mixed)
  R1   t   0 len  60  u=[-0.00 0.00 0.00 0.00]
  R1   t  60 len  50  u=[-0.00 0.00 1.00 0.00]
  R1   t 110 len  30  u=[-0.00 0.00 0.00 0.00]
  R1   t 140 len  60  u=[-0.00 1.00 0.00 0.00]
  R1   t 200 len  50  u=[-0.00 0.00 0.00 0.00]
  R1   t 250 len  50  u=[-0.00 0.00 0.00 1.00]
  R1   t 300 len  60  u=[1.00 0.00 0.00 0.00]
  R1   t 360 len  50  u=[1.00 0.00 0.00 1.00]
  R1   t 410 len  40  u=[-0.00 0.00 0.00 1.00]
  R1   t 450 len  20  u=[-0.00 0.00 0.00 0.00]
  R1   t 470 len  60  u=[-0.00 1.00 1.00 0.00]
  R1   t 530 len  20  u=[-0.00 0.00 0.00 0.00]
  R2   t   0 len  40  u=[-0.00 0.00 0.00 0.00]
  R2   t  40 len 200  u=[1.00 1.00 1.00 1.00]
  R2   t 240 len  40  u=[-0.00 0.00 1.00 0.00]
  R2   t 280 len  60  u=[-0.00 0.00 0.00 0.00]
  R2   t 340 len  30  u=[1.00 1.00 1.00 1.00]
  R2   t 370 len  30  u=[-0.00 0.00 0.00 0.00]
  R3   t   0 len  50  u=[1.00 1.00 1.00 1.00]
=== traffic  controls=['clearance_effort', 'freight_priority', 'lane_closure', 'ramp_metering', 'signal_timing', 'toll']  (u: 0=recovery, 1=pulse; raw value in brackets when u not in [0,1] or mixed)
  R1   t   0 len  40  u=[-0.00 0.00 0.00 0.00 -0.00 -0.00]
  R1   t  40 len  65  u=[-0.00 0.00 0.00 1.00 -0.00 -0.00]
  R1   t 105 len  65  u=[-0.00 0.00 0.00 0.00 -0.00 -0.00]
  R1   t 170 len  40  u=[-0.00 0.00 0.00 1.00 -0.00 -0.00]
  R1   t 210 len  75  u=[-0.00 0.00 0.00 1.00 1.00 -0.00]
  R1   t 285 len  50  u=[-0.00 0.00 0.00 1.00 -0.00 -0.00]
  R1   t 335 len  40  u=[-0.00 0.00 1.00 1.00 -0.00 -0.00]
  R1   t 375 len  15  u=[-0.00 0.00 0.00 1.00 -0.00 -0.00]
  R1   t 390 len  40  u=[1.00 0.00 0.00 1.00 -0.00 -0.00]
  R1   t 430 len  65  u=[-0.00 0.00 0.00 1.00 -0.00 1.00]
  R1   t 495 len  30  u=[-0.00 1.00 0.00 1.00 -0.00 1.00]
  R1   t 525 len  30  u=[-0.00 0.00 1.00 1.00 -0.00 1.00]
  R1   t 555 len  30  u=[1.00 0.00 0.00 1.00 -0.00 1.00]
  R1   t 585 len  20  u=[-0.00 0.00 0.00 1.00 -0.00 1.00]
  R1   t 605 len  95  u=[-0.00 0.00 0.00 1.00 -0.00 -0.00]
  R1   t 700 len  45  u=[-0.00 0.00 0.00 0.00 -0.00 -0.00]
  R2   t   0 len  30  u=[-0.00 0.00 0.00 0.00 -0.00 -0.00]
  R2   t  30 len  40  u=[-0.00 0.00 0.00 0.50 -0.00 -0.00]
  R2   t  70 len  45  u=[-0.00 0.00 0.00 0.50 -1.14 -0.00]
  R2   t 115 len  55  u=[-0.00 0.00 0.00 0.72 -0.00 1.00]
  R2   t 170 len 200  u=[1.00 1.00 1.00 1.00 1.00 1.00]
  R2   t 370 len  40  u=[-0.00 0.00 0.00 0.00 -0.00 -0.00]
  R2   t 410 len  60  u=[1.00 1.00 1.00 1.00 1.00 1.00]
  R2   t 470 len  30  u=[1.00 1.00 1.00 0.00 -1.00 1.00]
  R3   t   0 len  55  u=[-0.00 0.00 0.00 1.00 -0.00 0.50]
=== supply_chain  controls=['lead_time_buy', 'maintenance', 'order_quantity', 'product_mix', 'production_effort', 'receiving_effort']  (u: 0=recovery, 1=pulse; raw value in brackets when u not in [0,1] or mixed)
  R1   t   0 len  40  u=[-0.00 -0.00 0.00 0.00 0.00 -0.00]
  R1   t  40 len 120  u=[-0.00 -0.00 1.00 0.00 0.00 -0.00]
  R1   t 160 len  80  u=[-0.00 -0.00 0.00 0.00 0.00 -0.00]
  R1   t 240 len  40  u=[-0.00 -0.00 1.00 0.00 0.00 -0.00]
  R1   t 280 len  40  u=[-0.00 -0.00 1.00 0.00 1.00 -0.00]
  R1   t 320 len  20  u=[-0.00 -0.00 1.00 0.00 0.00 -0.00]
  R1   t 340 len  40  u=[-0.00 -0.00 1.00 0.00 0.00 1.00]
  R1   t 380 len  30  u=[-0.00 -0.00 1.00 0.00 0.00 -0.00]
  R1   t 410 len  60  u=[1.00 -0.00 1.00 0.00 0.00 -0.00]
  R1   t 470 len  30  u=[-0.00 -0.00 1.00 0.00 0.00 -0.00]
  R1   t 500 len  35  u=[-0.00 1.00 1.00 0.00 0.00 -0.00]
  R1   t 535 len  25  u=[-0.00 -0.00 1.00 0.00 0.00 -0.00]
  R1   t 560 len  40  u=[-0.00 -0.00 1.00 1.00 0.00 -0.00]
  R1   t 600 len  25  u=[-0.00 -0.00 1.00 0.00 0.00 -0.00]
  R1   t 625 len  45  u=[1.00 1.00 1.00 1.00 1.00 1.00]
  R1   t 670 len  80  u=[-0.00 -0.00 0.00 0.00 0.00 -0.00]
  R2   t   0 len  30  u=[-0.00 -0.00 0.00 0.00 0.00 -0.00]
  R2   t  30 len  50  u=[-0.00 -0.00 1.00 0.00 1.00 -0.00]
  R2   t  80 len  50  u=[-0.00 -0.00 1.00 0.00 -1.00 -0.00]
  R2   t 130 len 200  u=[-0.00 1.00 1.00 0.00 0.00 -0.00]
  R2   t 330 len  25  u=[-0.00 -0.00 1.00 0.00 0.00 -0.00]
  R2   t 355 len  35  u=[-0.00 1.00 1.00 0.00 0.00 -0.00]
  R2   t 390 len  25  u=[-0.00 1.00 1.00 0.00 -2.00 -0.00]
  R2   t 415 len  60  u=[-0.00 1.00 1.00 0.00 0.00 -0.00]
  R2   t 475 len  25  u=[-0.00 -0.00 0.50 0.00 0.00 -0.00]
  R3   t   0 len  40  u=[-0.00 -0.00 0.25 0.00 0.00 -0.00]
  R3   t  40 len  10  u=[-0.00 -0.00 0.00 0.00 0.00 -0.00]
=== hospital_queue  controls=['diagnostic_allocation', 'elective_scheduling', 'followup_capacity', 'overtime', 'staffing', 'urgent_priority']  (u: 0=recovery, 1=pulse; raw value in brackets when u not in [0,1] or mixed)
  R1   t   0 len  60  u=[0.00 0.00 -0.00 0.00 -0.00 0.00]
  R1   t  60 len 115  u=[0.00 0.00 -0.00 0.00 1.00 0.00]
  R1   t 175 len  65  u=[0.00 0.00 -0.00 0.00 -0.00 0.00]
  R1   t 240 len  40  u=[0.00 0.00 -0.00 1.00 -0.00 0.00]
  R1   t 280 len  30  u=[0.00 0.00 -0.00 0.00 -0.00 0.00]
  R1   t 310 len  40  u=[0.00 1.00 -0.00 0.00 -0.00 0.00]
  R1   t 350 len  30  u=[1.00 1.00 -0.00 0.00 -0.00 0.00]
  R1   t 380 len  30  u=[0.00 1.00 -0.00 0.00 -0.00 0.00]
  R1   t 410 len  30  u=[0.00 1.00 -0.00 1.00 -0.00 0.00]
  R1   t 440 len  30  u=[0.00 1.00 -0.00 0.00 -0.00 0.00]
  R1   t 470 len  30  u=[0.00 1.00 -0.00 0.00 -0.00 1.00]
  R1   t 500 len  30  u=[0.00 1.00 1.00 0.00 -0.00 0.00]
  R1   t 530 len  50  u=[1.00 1.00 1.00 1.00 1.00 1.00]
  R1   t 580 len 170  u=[0.00 0.00 -0.00 0.00 -0.00 0.00]
  R2c  t   0 len  30  u=[0.00 0.00 -0.00 0.00 -0.00 0.00]
  R2c  t  30 len  80  u=[0.00 0.00 1.00 0.00 -0.00 0.00]
  R2c  t 110 len  30  u=[0.00 1.00 -0.00 0.00 0.50 0.00]
  R2c  t 140 len  10  u=[0.00 1.00 -0.00 1.00 0.50 0.00]
  R2c  t 150 len  10  u=[0.00 1.00 -0.00 0.00 0.50 0.00]
  R2c  t 160 len  10  u=[0.00 1.00 -0.00 1.00 0.50 0.00]
  R2c  t 170 len  10  u=[0.00 1.00 -0.00 0.00 0.50 0.00]
  R2c  t 180 len  10  u=[0.00 1.00 -0.00 1.00 0.50 0.00]
  R2c  t 190 len  10  u=[0.00 1.00 -0.00 0.00 0.50 0.00]
  R2c  t 200 len  10  u=[0.00 1.00 -0.00 1.00 0.50 0.00]
  R2c  t 210 len  10  u=[0.00 1.00 -0.00 0.00 0.50 0.00]
  R2c  t 220 len  40  u=[0.00 1.00 -0.00 1.00 0.50 0.00]
  R2c  t 260 len  30  u=[0.00 1.00 -0.00 0.00 0.50 0.00]
  R2c  t 290 len  30  u=[-0.86 1.00 -0.00 0.00 0.50 0.00]
  R2c  t 320 len  30  u=[0.00 1.00 -0.00 0.00 0.50 0.00]
  R2c  t 350 len  30  u=[0.00 0.00 -0.00 1.00 -0.00 0.00]
  R2c  t 380 len  75  u=[0.00 0.00 1.00 0.00 -0.00 0.00]
  R2c  t 455 len  95  u=[0.00 0.00 -0.00 0.00 -0.00 0.00]
=== market  controls=['interest_rate', 'transaction_tax']  (u: 0=recovery, 1=pulse; raw value in brackets when u not in [0,1] or mixed)
  A    t   0 len  50  u=[0.00 0.00]
  A    t  50 len 125  u=[1.00 0.00]
  A    t 175 len 150  u=[0.00 0.00]
  A    t 325 len 125  u=[0.00 1.00]
  A    t 450 len 150  u=[0.00 0.00]
