{
 "schedules": 200,
 "long": 8,
 "time_s": 54.039820194244385,
 "ranges": {
  "level": [
   0.0,
   30000.0
  ],
  "inflow": [
   0.0,
   600.0
  ],
  "outflow": [
   0.0,
   400.0
  ],
  "quality": [
   0.0,
   47.0
  ]
 },
 "min_seen": {
  "level": 247.16547226438416,
  "inflow": 9.027400001749573,
  "outflow": 0.0,
  "quality": 0.8007766623533165
 },
 "max_seen": {
  "level": 940.4652400973544,
  "inflow": 14.696442686919942,
  "outflow": 16.477711378844607,
  "quality": 0.9667466708331325
 },
 "worst_alternation": 0.19230769230769232,
 "failures": [],
 "n_failures": 0,
 "pass": true
}