{
 "schedules": 200,
 "long": 8,
 "time_s": 51.099525928497314,
 "ranges": {
  "level": [
   0.0,
   30000.0
  ],
  "inflow": [
   0.0,
   600.0
  ],
  "outflow": [
   0.0,
   400.0
  ],
  "quality": [
   0.0,
   47.0
  ]
 },
 "min_seen": {
  "level": 247.16547226560218,
  "inflow": 9.027400001749573,
  "outflow": 0.0,
  "quality": 0.7970813351307711
 },
 "max_seen": {
  "level": 940.4652400962939,
  "inflow": 14.69644271260422,
  "outflow": 16.47771137882249,
  "quality": 0.9720182185781575
 },
 "worst_alternation": 0.19230769230769232,
 "failures": [],
 "n_failures": 0,
 "pass": true
}