{
 "schedules": 200,
 "long": 8,
 "time_s": 23.917212963104248,
 "ranges": {
  "level": [
   0.0,
   47673.77786774482
  ],
  "inflow": [
   0.0,
   683.9850980198175
  ],
  "outflow": [
   0.0,
   826.4100866990907
  ],
  "quality": [
   0.0,
   48.39107365561759
  ]
 },
 "min_seen": {
  "level": 247.03620258043276,
  "inflow": 9.027400001749573,
  "outflow": 0.0,
  "quality": 0.7981246118941886
 },
 "max_seen": {
  "level": 940.4345745759938,
  "inflow": 14.54646112277006,
  "outflow": 16.47853910949058,
  "quality": 0.9717917906554334
 },
 "worst_alternation": 0.19444444444444445,
 "failures": [],
 "n_failures": 0,
 "pass": true
}
