R4 [  0- 50) sig0.255 lane0.455 toll1.5 ramp0.7 frt0. obs 15.94,11.98,24.85,17.38
      v1   last10 15.83,16.28,19.07,21.50  err/sig -0.1,+6.0,-4.5,+4.0  seg score 0.54,0.34,0.24,0.28
      m12  last10 17.00,15.57,24.22,24.74  err/sig +1.1,+5.0,-0.5,+7.2  seg score 0.55,0.34,0.42,0.23
      m13  last10 15.58,17.72,26.32,27.51  err/sig -0.4,+8.0,+1.1,+9.9  seg score 0.53,0.36,0.45,0.21
      m23  last10 14.43,14.75,21.74,25.33  err/sig -1.6,+3.9,-2.4,+7.8  seg score 0.46,0.33,0.30,0.21
R4 [ 50-150) sig0.255 lane0.455 toll1.5 ramp0.7 frt0. obs 15.25,12.78,12.30,15.88
      v1   last10 12.17,15.68,8.40,17.60  err/sig -3.3,+4.1,-3.0,+1.7  seg score 0.39,0.28,0.26,0.34
      m12  last10 14.02,14.18,15.03,17.54  err/sig -1.3,+2.0,+2.1,+1.6  seg score 0.41,0.31,0.25,0.28
      m13  last10 15.36,17.93,26.32,27.37  err/sig +0.1,+7.2,+10.9,+11.2  seg score 0.52,0.19,0.12,0.08
      m23  last10 10.73,12.90,10.48,17.19  err/sig -4.9,+0.2,-1.4,+1.3  seg score 0.30,0.29,0.50,0.30
R4 [150-200) recovery                                 obs 0.00,0.00,48.42,48.70
      v1   last10 0.00,0.00,42.33,47.69  err/sig -0.0,-0.0,-4.7,-1.0  seg score 0.48,0.58,0.15,0.43
      m12  last10 0.00,0.00,48.28,47.35  err/sig -0.0,-0.0,-0.1,-1.3  seg score 0.54,0.55,0.47,0.41
      m13  last10 0.00,0.00,49.57,48.42  err/sig -0.0,-0.0,+0.9,-0.3  seg score 0.59,0.54,0.22,0.30
      m23  last10 0.00,0.00,45.59,46.64  err/sig -0.0,-0.0,-2.2,-2.0  seg score 0.56,0.52,0.22,0.40
R4 [200-280) sig0.15 lane0.65 toll0 ramp1 frt1 clr0   obs 7.54,12.20,7.15,16.13
      v1   last10 7.12,13.48,6.97,15.74  err/sig -0.4,+1.8,-0.1,-0.4  seg score 0.35,0.22,0.50,0.56
      m12  last10 7.26,13.37,7.05,15.69  err/sig -0.3,+1.6,-0.1,-0.4  seg score 0.34,0.22,0.52,0.57
      m13  last10 6.64,14.17,6.68,15.74  err/sig -1.0,+2.8,-0.4,-0.4  seg score 0.35,0.22,0.48,0.53
      m23  last10 7.02,13.40,7.05,15.83  err/sig -0.6,+1.7,-0.1,-0.3  seg score 0.35,0.22,0.50,0.60
R4 [280-310) recovery                                 obs 18.60,8.31,14.68,32.20
      v1   last10 17.25,4.61,14.02,33.46  err/sig -1.4,-5.2,-0.5,+1.2  seg score 0.17,0.26,0.74,0.41
      m12  last10 18.07,8.27,13.99,31.57  err/sig -0.6,-0.0,-0.5,-0.6  seg score 0.17,0.20,0.75,0.42
      m13  last10 16.96,7.82,13.74,31.52  err/sig -1.8,-0.7,-0.7,-0.7  seg score 0.19,0.22,0.72,0.42
      m23  last10 17.16,8.25,14.36,28.64  err/sig -1.5,-0.1,-0.2,-3.5  seg score 0.18,0.16,0.77,0.44
R4 [310-400) sig0.2025 lane0.5525 toll0.75 ramp0.85 f obs 9.71,12.40,8.59,15.81
      v1   last10 9.71,14.81,7.76,16.67  err/sig -0.0,+3.4,-0.6,+0.8  seg score 0.25,0.24,0.42,0.43
      m12  last10 9.45,14.17,7.83,16.56  err/sig -0.3,+2.5,-0.6,+0.7  seg score 0.21,0.24,0.58,0.48
      m13  last10 8.18,13.84,7.47,16.28  err/sig -1.6,+2.0,-0.9,+0.5  seg score 0.22,0.25,0.47,0.52
      m23  last10 8.68,13.20,7.63,16.49  err/sig -1.1,+1.1,-0.7,+0.7  seg score 0.27,0.25,0.45,0.49
  R4 v1 run score [0.363 0.303 0.363 0.414] 0.361
  R4 m12 run score [0.367 0.304 0.466 0.405] 0.385
  R4 m13 run score [0.404 0.278 0.37  0.339] 0.348
  R4 m23 run score [0.347 0.292 0.45  0.415] 0.376
R5 [  0- 50) toll1.5 ramp1                            obs 20.32,10.69,14.01,15.01
      v1   last10 16.64,10.54,14.34,15.86  err/sig -4.0,-0.2,+0.3,+0.8  seg score 0.36,0.32,0.62,0.55
      m12  last10 16.75,10.94,15.61,16.21  err/sig -3.8,+0.3,+1.2,+1.2  seg score 0.37,0.32,0.51,0.43
      m13  last10 15.57,10.32,14.67,15.90  err/sig -5.1,-0.5,+0.5,+0.9  seg score 0.34,0.33,0.59,0.53
      m23  last10 15.46,9.74,14.95,15.92  err/sig -5.2,-1.3,+0.7,+0.9  seg score 0.34,0.33,0.48,0.50
R5 [ 50- 90) toll1.5 ramp1 frt0                       obs 18.85,11.51,9.62,14.91
      v1   last10 14.81,10.62,8.72,15.46  err/sig -4.3,-1.2,-0.7,+0.5  seg score 0.18,0.20,0.62,0.67
      m12  last10 14.68,11.10,8.86,15.58  err/sig -4.5,-0.6,-0.6,+0.7  seg score 0.19,0.25,0.71,0.56
      m13  last10 13.53,10.46,8.82,15.46  err/sig -5.7,-1.5,-0.6,+0.5  seg score 0.16,0.20,0.73,0.66
      m23  last10 13.70,10.03,8.57,15.48  err/sig -5.5,-2.1,-0.8,+0.6  seg score 0.17,0.20,0.71,0.65
R5 [ 90-130) sig0.3 toll1.5 ramp1                     obs 16.07,12.85,8.40,15.65
      v1   last10 10.39,12.79,7.96,16.07  err/sig -6.1,-0.1,-0.3,+0.4  seg score 0.17,0.36,0.72,0.74
      m12  last10 8.83,12.93,7.76,16.00  err/sig -7.8,+0.1,-0.5,+0.3  seg score 0.13,0.36,0.65,0.83
      m13  last10 8.69,12.85,7.63,15.97  err/sig -7.9,+0.0,-0.6,+0.3  seg score 0.13,0.36,0.63,0.78
      m23  last10 8.19,11.58,7.62,15.93  err/sig -8.4,-1.8,-0.6,+0.3  seg score 0.13,0.29,0.61,0.84
R5 [130-170) lane0.3 toll1.5 ramp1                    obs 16.72,11.13,7.84,15.28
      v1   last10 14.41,10.46,8.56,15.42  err/sig -2.5,-0.9,+0.6,+0.1  seg score 0.16,0.22,0.72,0.76
      m12  last10 12.88,9.32,8.51,15.09  err/sig -4.1,-2.5,+0.5,-0.2  seg score 0.19,0.20,0.74,0.82
      m13  last10 13.14,9.49,8.63,15.14  err/sig -3.8,-2.3,+0.6,-0.1  seg score 0.20,0.20,0.71,0.83
      m23  last10 12.68,8.59,8.30,15.15  err/sig -4.3,-3.6,+0.4,-0.1  seg score 0.20,0.19,0.81,0.83
R5 [170-200) toll1.5 ramp1 clr0.5                     obs 21.24,13.27,7.48,14.98
      v1   last10 17.18,11.94,8.80,15.80  err/sig -4.4,-1.9,+1.0,+0.8  seg score 0.26,0.23,0.52,0.62
      m12  last10 15.45,12.00,8.78,15.76  err/sig -6.2,-1.8,+1.0,+0.8  seg score 0.22,0.24,0.53,0.67
      m13  last10 15.31,11.31,8.94,15.54  err/sig -6.4,-2.8,+1.1,+0.5  seg score 0.22,0.23,0.50,0.74
      m23  last10 15.36,10.83,8.52,15.72  err/sig -6.3,-3.4,+0.8,+0.7  seg score 0.22,0.20,0.58,0.68
  R5 v1 run score [0.231 0.271 0.643 0.665] 0.452
  R5 m12 run score [0.228 0.276 0.627 0.65 ] 0.445
  R5 m13 run score [0.214 0.27  0.635 0.695] 0.454
  R5 m23 run score [0.219 0.25  0.632 0.691] 0.448
