total loss (tick-units) per run/obs {'R3': [159.4, 159.5, 211.1], 'R4': [239.6, 149.3, 274.8]}
{'run': 'R4', 'seg': '0-90 joint .7', 'obs': 'discharges', 'loss': 72.7, 'signed': -5.35, 'absm': 7.51, 'end10': -4.9, 'first20_share': 0.25, 'kind': 'level'}
{'run': 'R4', 'seg': '275-350 rec +150', 'obs': 'wait_time', 'loss': 62.9, 'signed': -22.8, 'absm': 22.8, 'end10': -50.34, 'first20_share': 0.21, 'kind': 'level'}
{'run': 'R4', 'seg': '200-275 rec +75', 'obs': 'discharges', 'loss': 60.7, 'signed': -5.9, 'absm': 6.26, 'end10': -6.18, 'first20_share': 0.26, 'kind': 'level'}
{'run': 'R4', 'seg': '0-90 joint .7', 'obs': 'wait_time', 'loss': 59.0, 'signed': -2.74, 'absm': 2.75, 'end10': -4.88, 'first20_share': 0.12, 'kind': 'level'}
{'run': 'R4', 'seg': '275-350 rec +150', 'obs': 'discharges', 'loss': 57.1, 'signed': -0.94, 'absm': 4.97, 'end10': 1.5, 'first20_share': 0.29, 'kind': 'dynamics'}
{'run': 'R3', 'seg': '0-50 el 5', 'obs': 'discharges', 'loss': 46.0, 'signed': -16.23, 'absm': 20.14, 'end10': -17.19, 'first20_share': 0.38, 'kind': 'level'}
{'run': 'R3', 'seg': '50-100 el 10', 'obs': 'discharges', 'loss': 45.6, 'signed': -11.51, 'absm': 11.51, 'end10': -10.37, 'first20_share': 0.4, 'kind': 'level'}
{'run': 'R4', 'seg': '0-90 joint .7', 'obs': 'queue', 'loss': 45.2, 'signed': -0.8, 'absm': 1.09, 'end10': -1.1, 'first20_share': 0.2, 'kind': 'level'}
{'run': 'R4', 'seg': '140-200 joint 1', 'obs': 'discharges', 'loss': 45.2, 'signed': -2.59, 'absm': 5.0, 'end10': -2.55, 'first20_share': 0.36, 'kind': 'dynamics'}
{'run': 'R3', 'seg': '100-150 st15+el10', 'obs': 'discharges', 'loss': 43.3, 'signed': -7.59, 'absm': 7.72, 'end10': -7.82, 'first20_share': 0.39, 'kind': 'level'}
{'run': 'R3', 'seg': '200-250 rec', 'obs': 'wait_time', 'loss': 41.9, 'signed': -5.15, 'absm': 5.15, 'end10': -4.95, 'first20_share': 0.4, 'kind': 'level'}
{'run': 'R3', 'seg': '50-100 el 10', 'obs': 'queue', 'loss': 41.5, 'signed': 5.52, 'absm': 5.52, 'end10': 3.43, 'first20_share': 0.42, 'kind': 'level'}
{'run': 'R3', 'seg': '150-200 st15', 'obs': 'discharges', 'loss': 40.9, 'signed': -4.58, 'absm': 4.83, 'end10': -3.06, 'first20_share': 0.41, 'kind': 'level'}
{'run': 'R4', 'seg': '200-275 rec +75', 'obs': 'wait_time', 'loss': 40.0, 'signed': 0.72, 'absm': 1.42, 'end10': -1.56, 'first20_share': 0.35, 'kind': 'dynamics'}
{'run': 'R3', 'seg': '0-50 el 5', 'obs': 'queue', 'loss': 39.9, 'signed': 8.98, 'absm': 9.06, 'end10': 14.67, 'first20_share': 0.3, 'kind': 'level'}
{'run': 'R4', 'seg': '90-140 rec 50', 'obs': 'wait_time', 'loss': 39.5, 'signed': -3.87, 'absm': 3.87, 'end10': -3.03, 'first20_share': 0.42, 'kind': 'level'}
{'run': 'R4', 'seg': '275-350 rec +150', 'obs': 'queue', 'loss': 39.4, 'signed': 1.39, 'absm': 1.4, 'end10': 0.18, 'first20_share': 0.32, 'kind': 'level'}
{'run': 'R4', 'seg': '90-140 rec 50', 'obs': 'discharges', 'loss': 39.1, 'signed': -6.16, 'absm': 6.33, 'end10': -6.44, 'first20_share': 0.38, 'kind': 'level'}
{'run': 'R3', 'seg': '150-200 st15', 'obs': 'wait_time', 'loss': 38.8, 'signed': -3.63, 'absm': 3.63, 'end10': -4.77, 'first20_share': 0.37, 'kind': 'level'}
{'run': 'R4', 'seg': '140-200 joint 1', 'obs': 'wait_time', 'loss': 38.2, 'signed': 0.7, 'absm': 2.21, 'end10': 3.05, 'first20_share': 0.33, 'kind': 'dynamics'}
{'run': 'R3', 'seg': '200-250 rec', 'obs': 'discharges', 'loss': 35.2, 'signed': -3.55, 'absm': 4.07, 'end10': -2.62, 'first20_share': 0.42, 'kind': 'level'}
{'run': 'R3', 'seg': '200-250 rec', 'obs': 'queue', 'loss': 32.7, 'signed': -1.95, 'absm': 1.95, 'end10': -1.45, 'first20_share': 0.42, 'kind': 'level'}
{'run': 'R4', 'seg': '140-200 joint 1', 'obs': 'queue', 'loss': 32.2, 'signed': -1.05, 'absm': 1.24, 'end10': -1.29, 'first20_share': 0.3, 'kind': 'level'}
{'run': 'R3', 'seg': '100-150 st15+el10', 'obs': 'wait_time', 'loss': 29.4, 'signed': -1.48, 'absm': 1.48, 'end10': -1.98, 'first20_share': 0.36, 'kind': 'level'}
{'run': 'R3', 'seg': '150-200 st15', 'obs': 'queue', 'loss': 25.1, 'signed': -1.2, 'absm': 1.2, 'end10': -2.23, 'first20_share': 0.27, 'kind': 'level'}
{'run': 'R3', 'seg': '0-50 el 5', 'obs': 'wait_time', 'loss': 25.0, 'signed': 1.79, 'absm': 1.79, 'end10': 3.93, 'first20_share': 0.14, 'kind': 'level'}
{'run': 'R3', 'seg': '50-100 el 10', 'obs': 'wait_time', 'loss': 24.4, 'signed': 1.48, 'absm': 1.6, 'end10': -0.29, 'first20_share': 0.62, 'kind': 'transient'}
{'run': 'R3', 'seg': '100-150 st15+el10', 'obs': 'queue', 'loss': 20.2, 'signed': 0.38, 'absm': 0.88, 'end10': -0.54, 'first20_share': 0.57, 'kind': 'dynamics'}
{'run': 'R4', 'seg': '200-275 rec +75', 'obs': 'queue', 'loss': 19.9, 'signed': -0.07, 'absm': 0.42, 'end10': 0.79, 'first20_share': 0.27, 'kind': 'dynamics'}
{'run': 'R4', 'seg': '90-140 rec 50', 'obs': 'queue', 'loss': 12.6, 'signed': -0.28, 'absm': 0.38, 'end10': 0.22, 'first20_share': 0.45, 'kind': 'level'}
