run  a    V      dV/dt  E=dL-(I-O)  gwexcess  E+gw(total exch vs season)
R1   10    659  +9.36  -2.08 -0.00  -2.08
R1   20    749  +8.84  -1.97 +0.01  -1.96
R1   30    827  +6.96  -2.01 +0.02  -1.99
R1   40    886  +4.38  -2.97 -0.01  -2.98
R1   50    934  +3.91  -0.93 +0.01  -0.92
R1   60    923  -2.97  -1.81 +0.01  -1.80
R1   70    909  -0.40  -1.11 -0.00  -1.12
R1   80    909  -0.03  -1.47 +0.01  -1.47
R1   90    903  -0.81  -1.23 -0.03  -1.26
R1  100    885  -3.07  -1.60 -0.01  -1.61
R1  110    904  +5.81  -1.37 -0.01  -1.39
R1  120    940  +1.96  +0.04 -0.02  +0.02
R1  130    941  +0.11  -1.17 +0.00  -1.16
R1  140    942  -0.67  -1.97 -0.01  -1.97
R1  150    940  -0.43  -1.73 +0.02  -1.71
R1  160    943  +0.66  -0.56 +0.01  -0.54
R1  170    937  -1.10  -1.18 -0.01  -1.20
R1  180    920  -2.28  -1.42 +0.00  -1.42
R1  190    907  +0.19  +0.38 -0.02  +0.36
R1  200    935  +2.24  -2.75 -0.01  -2.76
R1  210    945  +1.27  -0.02 +0.00  -0.02
R1  220    941  -0.15  -1.39 -0.03  -1.42
R1  230    942  -0.15  -1.27 -0.04  -1.31
R1  240    942  -0.51  -1.55 -0.01  -1.56
R1  250    938  +0.19  -0.78 -0.01  -0.79
R1  260    937  -0.15  -1.25 +0.02  -1.23
R1  270    940  +0.50  -0.66 +0.02  -0.64
R1  280    942  -0.47  -1.66 -0.04  -1.70
R1  290    943  +0.93  -0.29 +0.00  -0.29
R1  300    940  -0.99  -2.12 +0.02  -2.10
R1  310    941  +0.13  -0.88 +0.02  -0.86
R1  320    942  +0.55  -0.45 -0.00  -0.45
R1  330    942  -0.67  -1.76 +0.00  -1.75
R1  340    942  +0.75  -0.46 +0.02  -0.44
R1  350    939  -0.69  -1.92 -0.02  -1.94
R1  360    942  +0.35  -0.81 -0.03  -0.84
R1  370    941  -0.56  -1.62 -0.03  -1.64
R1  380    942  +0.00  -1.02 +0.00  -1.02
R1  390    940  +0.21  -0.80 -0.01  -0.81
R1  400    938  +0.59  -0.53 +0.01  -0.52
R1  410    942  -0.52  -1.70 -0.03  -1.73
R1  420    941  +0.47  -0.75 -0.01  -0.76
R1  430    943  +0.34  -0.85 +0.01  -0.84
R1  440    941  -0.73  -1.78 -0.00  -1.78
R1  450    942  -0.34  -1.29 +0.00  -1.29
R1  460    942  +0.22  -0.81 -0.01  -0.82
R1  470    909  -5.42  -0.62 +0.00  -0.62
R1  480    864  -3.51  -0.56 +0.01  -0.55
R1  490    829  -4.32  -1.72 +0.01  -1.70
R1  500    789  -3.28  +0.50 +0.00  +0.50
R1  510    742  -6.10  -1.00 +0.24  -0.76
R1  520    681  -6.22  -0.85 +0.41  -0.44
R1  530    697  +7.78  -0.37 +0.11  -0.26
R2   10    737  +9.66  -1.76 -0.02  -1.78
R2   20    828  +8.47  -2.34 +0.01  -2.33
R2   30    904  +6.36  -2.63 +0.04  -2.59
R2   40    884  -8.32  -1.35 +0.02  -1.33
R2   50    803  -7.21  -0.78 -0.04  -0.82
R2   60    744  -4.88  -0.49 -0.01  -0.50
R2   70    704  -3.60  -1.36 -0.01  -1.37
R2   80    682  -1.95  -0.69 +0.04  -0.65
R2   90    660  -2.32  -0.24 +0.08  -0.16
R2  100    626  -3.95  -0.38 +0.22  -0.16
R2  110    580  -4.30  +0.06 +0.40  +0.47
R2  120    534  -4.64  -1.10 +0.50  -0.61
R2  130    505  -2.15  -0.56 +0.49  -0.07
R2  140    492  -0.47  -0.62 +0.35  -0.28
R2  150    491  -0.17  -0.53 +0.25  -0.28
R2  160    483  -1.69  -0.86 +0.26  -0.59
R2  170    458  -2.93  -0.47 +0.38  -0.09
R2  180    423  -3.41  -0.38 +0.51  +0.13
R2  190    395  -2.27  -0.32 +0.55  +0.23
R2  200    381  -0.58  -0.58 +0.47  -0.11
R2  210    384  +0.47  -0.94 +0.35  -0.58
R2  220    389  +0.44  -0.68 +0.23  -0.45
R2  230    386  -0.95  -0.53 +0.27  -0.26
R2  240    370  -2.11  -0.36 +0.37  +0.01
R2  250    344  -2.68  -0.45 +0.49  +0.04
R2  260    323  -1.53  -0.64 +0.50  -0.15
R2  270    318  +0.42  -0.61 +0.45  -0.16
R2  280    380 +10.74  -0.72 +0.06  -0.66
R2  290    481  +9.72  -1.23 +0.00  -1.22
R2  300    568  +7.98  -1.18 +0.01  -1.18
R2  310    636  +5.38  -2.08 -0.01  -2.09
R2  320    696  +6.04  -1.21 +0.01  -1.20
R2  330    759  +7.25  -1.38 -0.00  -1.39
R2  340    763  -4.41  -1.46 +0.02  -1.44
R2  350    730  -2.79  -0.91 -0.02  -0.93
R2  360    700  -2.67  -0.26 +0.01  -0.25
R2  370    726  +6.24  -2.49 +0.02  -2.47
R2  380    792  +6.17  -1.10 +0.01  -1.09
E ~ a + b*V/100 + c*dV/dt (V<925): [ 0.064 -0.162 -0.068] resid rms 0.549
